<?xml version="1.0" encoding="UTF-8"?>
<testng-results ignored="0" total="7" passed="7" failed="0" skipped="0">
  <reporter-output>
  </reporter-output>
  <suite started-at="2023-12-05T20:32:10 IST" name="Gradle suite" finished-at="2023-12-05T20:34:36 IST" duration-ms="146048">
    <groups>
      <group name="Login Flow">
        <method signature="testCase_01.TestCase01(java.lang.String,java.lang.String)[pri:0, instance:qtriptest.tests.testCase_01@74e28667]" name="TestCase01" class="qtriptest.tests.testCase_01"/>
      </group> <!-- Login Flow -->
    </groups>
    <test started-at="2023-12-05T20:32:10 IST" name="Gradle test" finished-at="2023-12-05T20:34:36 IST" duration-ms="146048">
      <class name="qtriptest.APITests.testCase_API_01">
        <test-method signature="testLogin()[pri:0, instance:qtriptest.APITests.testCase_API_01@3012646b]" started-at="2023-12-05T20:32:14 IST" name="testLogin" finished-at="2023-12-05T20:32:21 IST" duration-ms="6659" status="PASS">
          <reporter-output>
          </reporter-output>
        </test-method> <!-- testLogin -->
      </class> <!-- qtriptest.APITests.testCase_API_01 -->
      <class name="qtriptest.APITests.testCase_API_02">
        <test-method signature="searchCity()[pri:0, instance:qtriptest.APITests.testCase_API_02@4d154ccd]" started-at="2023-12-05T20:32:21 IST" name="searchCity" finished-at="2023-12-05T20:32:23 IST" duration-ms="2226" status="PASS">
          <reporter-output>
          </reporter-output>
        </test-method> <!-- searchCity -->
      </class> <!-- qtriptest.APITests.testCase_API_02 -->
      <class name="qtriptest.APITests.testCase_API_03">
        <test-method signature="createResvertion()[pri:0, instance:qtriptest.APITests.testCase_API_03@229c6181]" started-at="2023-12-05T20:32:23 IST" name="createResvertion" finished-at="2023-12-05T20:32:23 IST" duration-ms="3" status="PASS">
          <reporter-output>
          </reporter-output>
        </test-method> <!-- createResvertion -->
      </class> <!-- qtriptest.APITests.testCase_API_03 -->
      <class name="qtriptest.APITests.testCase_API_04">
        <test-method signature="negative()[pri:0, instance:qtriptest.APITests.testCase_API_04@4686afc2]" started-at="2023-12-05T20:32:23 IST" name="negative" finished-at="2023-12-05T20:32:24 IST" duration-ms="1320" status="PASS">
          <reporter-output>
          </reporter-output>
        </test-method> <!-- negative -->
      </class> <!-- qtriptest.APITests.testCase_API_04 -->
      <class name="qtriptest.tests.testCase_01">
        <test-method is-config="true" signature="createDriver()[pri:0, instance:qtriptest.tests.testCase_01@74e28667]" started-at="2023-12-05T20:32:10 IST" name="createDriver" finished-at="2023-12-05T20:32:14 IST" duration-ms="4250" status="PASS">
          <reporter-output>
          </reporter-output>
        </test-method> <!-- createDriver -->
        <test-method signature="TestCase01(java.lang.String,java.lang.String)[pri:0, instance:qtriptest.tests.testCase_01@74e28667]" started-at="2023-12-05T20:32:26 IST" name="TestCase01" description="Verify user registration - login - logout" data-provider="data-provider" finished-at="2023-12-05T20:33:10 IST" duration-ms="44010" status="PASS">
          <params>
            <param index="0">
              <value>
                <![CDATA[testuser@gmail.com]]>
              </value>
            </param>
            <param index="1">
              <value>
                <![CDATA[abc@123]]>
              </value>
            </param>
          </params>
          <reporter-output>
          </reporter-output>
        </test-method> <!-- TestCase01 -->
        <test-method signature="TestCase01(java.lang.String,java.lang.String)[pri:0, instance:qtriptest.tests.testCase_01@74e28667]" started-at="2023-12-05T20:33:10 IST" name="TestCase01" description="Verify user registration - login - logout" data-provider="data-provider" finished-at="2023-12-05T20:33:53 IST" duration-ms="42955" status="PASS">
          <params>
            <param index="0">
              <value>
                <![CDATA[TESTUSER@gmail.com]]>
              </value>
            </param>
            <param index="1">
              <value>
                <![CDATA[123456.0]]>
              </value>
            </param>
          </params>
          <reporter-output>
          </reporter-output>
        </test-method> <!-- TestCase01 -->
        <test-method signature="TestCase01(java.lang.String,java.lang.String)[pri:0, instance:qtriptest.tests.testCase_01@74e28667]" started-at="2023-12-05T20:33:53 IST" name="TestCase01" description="Verify user registration - login - logout" data-provider="data-provider" finished-at="2023-12-05T20:34:36 IST" duration-ms="42674" status="PASS">
          <params>
            <param index="0">
              <value>
                <![CDATA[123_USER_low@gmail.com]]>
              </value>
            </param>
            <param index="1">
              <value>
                <![CDATA[QWERTY!!!!]]>
              </value>
            </param>
          </params>
          <reporter-output>
          </reporter-output>
        </test-method> <!-- TestCase01 -->
        <test-method is-config="true" signature="quitDriver()[pri:0, instance:qtriptest.tests.testCase_01@74e28667]" started-at="2023-12-05T20:34:36 IST" name="quitDriver" finished-at="2023-12-05T20:34:36 IST" duration-ms="82" status="PASS">
          <reporter-output>
          </reporter-output>
        </test-method> <!-- quitDriver -->
      </class> <!-- qtriptest.tests.testCase_01 -->
    </test> <!-- Gradle test -->
  </suite> <!-- Gradle suite -->
</testng-results>
